ERC report (2026-08-06T16:36:21, Encoding UTF8)
Report includes: Errors, Warnings

***** Sheet /
[footprint_link_issues]: 在库 'Connector_Audio' 中找不到封装 'Jack_3.5mm_PJ328A_SMT'
    ; warning
    @(15.24 mm, 60.96 mm): Symbol JP1 [AudioJack3]
[isolated_pin_label]: Label connected to only one pin
    ; warning
    @(96.52 mm, 92.71 mm): Label 'HPDRIVE'
[isolated_pin_label]: Label connected to only one pin
    ; warning
    @(96.52 mm, 93.98 mm): Label '+IN'
[isolated_pin_label]: Label connected to only one pin
    ; warning
    @(96.52 mm, 95.25 mm): Label '-IN'
[isolated_pin_label]: Label connected to only one pin
    ; warning
    @(96.52 mm, 96.52 mm): Label 'RLDFB'
[isolated_pin_label]: Label connected to only one pin
    ; warning
    @(96.52 mm, 97.79 mm): Label 'RLD'
[isolated_pin_label]: Label connected to only one pin
    ; warning
    @(96.52 mm, 99.06 mm): Label 'SW'
[isolated_pin_label]: Label connected to only one pin
    ; warning
    @(96.52 mm, 100.33 mm): Label 'OPAMP+'
[isolated_pin_label]: Label connected to only one pin
    ; warning
    @(96.52 mm, 101.60 mm): Label 'REFOUT'
[isolated_pin_label]: Label connected to only one pin
    ; warning
    @(96.52 mm, 102.87 mm): Label 'OPAMP-'
[isolated_pin_label]: Label connected to only one pin
    ; warning
    @(96.52 mm, 104.14 mm): Label 'OUT'
[pin_to_pin]: 类型为 Unspecified 和 Passive 的引脚已连接
    ; warning
    @(101.60 mm, 71.12 mm): Pin 1 [???, ?]
    @(111.76 mm, 99.06 mm): Symbol U1 Pin 16 [GND, Passive, Line]
[unconnected_wire_endpoint]: 未连接的连线端点
    ; warning
    @(101.60 mm, 71.12 mm): Vertical Wire, length 5.08 mm
[lib_symbol_mismatch]: 符号 'AD8232' 与来源库 'WalkEEG' 中的符号存在差异
    ; warning
    @(101.60 mm, 101.60 mm): Symbol U1 [AD8232]
[pin_to_pin]: 类型为 Unspecified 和 Passive 的引脚已连接
    ; warning
    @(101.60 mm, 130.81 mm): Pin 1 [???, ?]
    @(111.76 mm, 100.33 mm): Symbol U1 Pin 17 [+VS, Passive, Line]
[unconnected_wire_endpoint]: 未连接的连线端点
    ; warning
    @(101.60 mm, 130.81 mm): Vertical Wire, length 5.08 mm
[isolated_pin_label]: Label connected to only one pin
    ; warning
    @(106.68 mm, 92.71 mm): Label 'LO-'
[isolated_pin_label]: Label connected to only one pin
    ; warning
    @(106.68 mm, 93.98 mm): Label 'LO+'
[isolated_pin_label]: Label connected to only one pin
    ; warning
    @(106.68 mm, 95.25 mm): Label 'SDN'
[isolated_pin_label]: Label connected to only one pin
    ; warning
    @(106.68 mm, 96.52 mm): Label 'ACDC'
[isolated_pin_label]: Label connected to only one pin
    ; warning
    @(106.68 mm, 97.79 mm): Label 'FR'
[isolated_pin_label]: Label connected to only one pin
    ; warning
    @(106.68 mm, 101.60 mm): Label 'REFIN'
[isolated_pin_label]: Label connected to only one pin
    ; warning
    @(106.68 mm, 102.87 mm): Label 'IAOUT'
[isolated_pin_label]: Label connected to only one pin
    ; warning
    @(106.68 mm, 104.14 mm): Label 'HPSENSE'

 ** ERC messages: 24  Errors 0  Warnings 24

 ** Ignored checks:
    - Global label only appears once in the schematic
    - Four connection points are joined together
    - SPICE model issue
    - Assigned footprint doesn't match footprint filters
